Archive member included because of file (symbol)

c:/winavr-20100110/bin/../lib/gcc/avr/4.3.3/avr4\libgcc.a(_exit.o)
                              c:/winavr-20100110/bin/../lib/gcc/avr/4.3.3/../../../../avr/lib/avr4/crtm8.o (exit)
c:/winavr-20100110/bin/../lib/gcc/avr/4.3.3/avr4\libgcc.a(_copy_data.o)
                              ./main.o (__do_copy_data)
c:/winavr-20100110/bin/../lib/gcc/avr/4.3.3/avr4\libgcc.a(_clear_bss.o)
                              ./src/ir.o (__do_clear_bss)
c:/winavr-20100110/bin/../lib/gcc/avr/4.3.3/../../../../avr/lib/avr4\libc.a(memcpy.o)
                              ./src/i2c.o (memcpy)

Allocating common symbols
Common symbol       size              file

bitptr              0x1               ./src/ir.o
autobrValue         0x1               ./src/mxcontrol.o
packet              0x4               ./src/ir.o
spiptr              0x1               ./src/mxcontrol.o
t0_extended_int     0x1               ./main.o
uartRxBuf           0x3               ./main.o
printCoords         0x1               ./src/mxcontrol.o
irflags             0x1               ./src/ir.o
crow                0x1               ./src/mxcontrol.o
spibuf              0x3               ./src/mxcontrol.o
vmem                0x12              ./src/mxcontrol.o
ir_cmd              0x1               ./main.o
vbuf                0x12              ./src/mxcontrol.o

Memory Configuration

Name             Origin             Length             Attributes
text             0x00000000         0x00002000         xr
data             0x00800060         0x0000ffa0         rw !x
eeprom           0x00810000         0x00010000         rw !x
fuse             0x00820000         0x00000400         rw !x
lock             0x00830000         0x00000400         rw !x
signature        0x00840000         0x00000400         rw !x
*default*        0x00000000         0xffffffff

Linker script and memory map

LOAD c:/winavr-20100110/bin/../lib/gcc/avr/4.3.3/../../../../avr/lib/avr4/crtm8.o
LOAD ./src/bcd.o
LOAD ./src/i2c.o
LOAD ./src/ir.o
LOAD ./src/mxcontrol.o
LOAD ./src/uart.o
LOAD ./main.o
LOAD c:/winavr-20100110/bin/../lib/gcc/avr/4.3.3/avr4\libgcc.a
LOAD c:/winavr-20100110/bin/../lib/gcc/avr/4.3.3/../../../../avr/lib/avr4\libc.a
LOAD c:/winavr-20100110/bin/../lib/gcc/avr/4.3.3/avr4\libgcc.a

.hash
 *(.hash)

.dynsym
 *(.dynsym)

.dynstr
 *(.dynstr)

.gnu.version
 *(.gnu.version)

.gnu.version_d
 *(.gnu.version_d)

.gnu.version_r
 *(.gnu.version_r)

.rel.init
 *(.rel.init)

.rela.init
 *(.rela.init)

.rel.text
 *(.rel.text)
 *(.rel.text.*)
 *(.rel.gnu.linkonce.t*)

.rela.text
 *(.rela.text)
 *(.rela.text.*)
 *(.rela.gnu.linkonce.t*)

.rel.fini
 *(.rel.fini)

.rela.fini
 *(.rela.fini)

.rel.rodata
 *(.rel.rodata)
 *(.rel.rodata.*)
 *(.rel.gnu.linkonce.r*)

.rela.rodata
 *(.rela.rodata)
 *(.rela.rodata.*)
 *(.rela.gnu.linkonce.r*)

.rel.data
 *(.rel.data)
 *(.rel.data.*)
 *(.rel.gnu.linkonce.d*)

.rela.data
 *(.rela.data)
 *(.rela.data.*)
 *(.rela.gnu.linkonce.d*)

.rel.ctors
 *(.rel.ctors)

.rela.ctors
 *(.rela.ctors)

.rel.dtors
 *(.rel.dtors)

.rela.dtors
 *(.rela.dtors)

.rel.got
 *(.rel.got)

.rela.got
 *(.rela.got)

.rel.bss
 *(.rel.bss)

.rela.bss
 *(.rela.bss)

.rel.plt
 *(.rel.plt)

.rela.plt
 *(.rela.plt)

.text           0x00000000      0xe2c
 *(.vectors)
 .vectors       0x00000000       0x26 c:/winavr-20100110/bin/../lib/gcc/avr/4.3.3/../../../../avr/lib/avr4/crtm8.o
                0x00000000                __vectors
                0x00000000                __vector_default
 *(.vectors)
 *(.progmem.gcc*)
 *(.progmem*)
 .progmem.data  0x00000026       0xa3 ./src/mxcontrol.o
                0x00000026                alpha
 .progmem.data  0x000000c9       0x5a ./main.o
                0x000000e1                mMap
                0x000000c9                hMap
                0x00000124                . = ALIGN (0x2)
 *fill*         0x00000123        0x1 00
                0x00000124                __trampolines_start = .
 *(.trampolines)
 .trampolines   0x00000124        0x0 linker stubs
 *(.trampolines*)
                0x00000124                __trampolines_end = .
 *(.jumptables)
 *(.jumptables*)
 *(.lowtext)
 *(.lowtext*)
                0x00000124                __ctors_start = .
 *(.ctors)
                0x00000124                __ctors_end = .
                0x00000124                __dtors_start = .
 *(.dtors)
                0x00000124                __dtors_end = .
 SORT(*)(.ctors)
 SORT(*)(.dtors)
 *(.init0)
 .init0         0x00000124        0x0 c:/winavr-20100110/bin/../lib/gcc/avr/4.3.3/../../../../avr/lib/avr4/crtm8.o
                0x00000124                __init
 *(.init0)
 *(.init1)
 *(.init1)
 *(.init2)
 .init2         0x00000124        0xc c:/winavr-20100110/bin/../lib/gcc/avr/4.3.3/../../../../avr/lib/avr4/crtm8.o
 *(.init2)
 *(.init3)
 *(.init3)
 *(.init4)
 .init4         0x00000130       0x16 c:/winavr-20100110/bin/../lib/gcc/avr/4.3.3/avr4\libgcc.a(_copy_data.o)
                0x00000130                __do_copy_data
 .init4         0x00000146       0x10 c:/winavr-20100110/bin/../lib/gcc/avr/4.3.3/avr4\libgcc.a(_clear_bss.o)
                0x00000146                __do_clear_bss
 *(.init4)
 *(.init5)
 *(.init5)
 *(.init6)
 *(.init6)
 *(.init7)
 *(.init7)
 *(.init8)
 *(.init8)
 *(.init9)
 .init9         0x00000156        0x4 c:/winavr-20100110/bin/../lib/gcc/avr/4.3.3/../../../../avr/lib/avr4/crtm8.o
 *(.init9)
 *(.text)
 .text          0x0000015a        0x2 c:/winavr-20100110/bin/../lib/gcc/avr/4.3.3/../../../../avr/lib/avr4/crtm8.o
                0x0000015a                __vector_12
                0x0000015a                __bad_interrupt
                0x0000015a                __vector_6
                0x0000015a                __vector_13
                0x0000015a                __vector_17
                0x0000015a                __vector_7
                0x0000015a                __vector_5
                0x0000015a                __vector_4
                0x0000015a                __vector_15
                0x0000015a                __vector_8
                0x0000015a                __vector_16
                0x0000015a                __vector_18
 .text          0x0000015c        0x0 ./src/bcd.o
 .text          0x0000015c        0x0 ./src/i2c.o
 .text          0x0000015c        0x0 ./src/ir.o
 .text          0x0000015c        0x0 ./src/mxcontrol.o
 .text          0x0000015c        0x0 ./src/uart.o
 .text          0x0000015c        0x0 ./main.o
 .text          0x0000015c        0x0 c:/winavr-20100110/bin/../lib/gcc/avr/4.3.3/avr4\libgcc.a(_exit.o)
 .text          0x0000015c        0x0 c:/winavr-20100110/bin/../lib/gcc/avr/4.3.3/avr4\libgcc.a(_copy_data.o)
 .text          0x0000015c        0x0 c:/winavr-20100110/bin/../lib/gcc/avr/4.3.3/avr4\libgcc.a(_clear_bss.o)
 .text          0x0000015c        0x0 c:/winavr-20100110/bin/../lib/gcc/avr/4.3.3/../../../../avr/lib/avr4\libc.a(memcpy.o)
                0x0000015c                . = ALIGN (0x2)
 *(.text.*)
 .text.bin2bcd  0x0000015c       0x38 ./src/bcd.o
                0x0000015c                bin2bcd
 .text.bcd2bin  0x00000194       0x36 ./src/bcd.o
                0x00000194                bcd2bin
 .text.i2c_init
                0x000001ca        0xa ./src/i2c.o
                0x000001ca                i2c_init
 .text.i2c_io   0x000001d4       0xda ./src/i2c.o
                0x000001d4                i2c_io
 .text.i2c_reg_read
                0x000002ae       0x28 ./src/i2c.o
                0x000002ae                i2c_reg_read
 .text.i2c_reg_write
                0x000002d6       0x5e ./src/i2c.o
                0x000002d6                i2c_reg_write
 .text.ir_init  0x00000334       0x24 ./src/ir.o
                0x00000334                ir_init
 .text.__vector_3
                0x00000358       0x28 ./src/ir.o
                0x00000358                __vector_3
 .text.__vector_1
                0x00000380      0x118 ./src/ir.o
                0x00000380                __vector_1
 .text.mxcontrol_init
                0x00000498       0x3e ./src/mxcontrol.o
                0x00000498                mxcontrol_init
 .text.mxcontrol_setbrightness
                0x000004d6        0x4 ./src/mxcontrol.o
                0x000004d6                mxcontrol_setbrightness
 .text.mxcontrol_setbrightnessauto
                0x000004da       0x24 ./src/mxcontrol.o
                0x000004da                mxcontrol_setbrightnessauto
 .text.mxcontrol_makepoint
                0x000004fe       0x6c ./src/mxcontrol.o
                0x000004fe                mxcontrol_makepoint
 .text.mxcontrol_makehline
                0x0000056a       0x2c ./src/mxcontrol.o
                0x0000056a                mxcontrol_makehline
 .text.mxcontrol_clear
                0x00000596       0x16 ./src/mxcontrol.o
                0x00000596                mxcontrol_clear
 .text.mxcontrol_draw
                0x000005ac      0x13e ./src/mxcontrol.o
                0x000005ac                mxcontrol_draw
 .text.mxcontrol_blink
                0x000006ea       0x26 ./src/mxcontrol.o
                0x000006ea                mxcontrol_blink
 .text.mxcontrol_setprintcoords
                0x00000710        0xe ./src/mxcontrol.o
                0x00000710                mxcontrol_setprintcoords
 .text.mxcontrol_print
                0x0000071e       0xaa ./src/mxcontrol.o
                0x0000071e                mxcontrol_print
 .text.mxcontrol_printchar
                0x000007c8       0x26 ./src/mxcontrol.o
                0x000007c8                mxcontrol_printchar
 .text.__vector_9
                0x000007ee       0xfc ./src/mxcontrol.o
                0x000007ee                __vector_9
 .text.__vector_10
                0x000008ea       0x44 ./src/mxcontrol.o
                0x000008ea                __vector_10
 .text.__vector_14
                0x0000092e       0x48 ./src/mxcontrol.o
                0x0000092e                __vector_14
 .text.uart_init
                0x00000976       0x18 ./src/uart.o
                0x00000976                uart_init
 .text.uart_send
                0x0000098e        0x8 ./src/uart.o
                0x0000098e                uart_send
 .text.__vector_11
                0x00000996       0x48 ./src/uart.o
                0x00000996                __vector_11
 .text.ir_oncmdrecv
                0x000009de       0x10 ./main.o
                0x000009de                ir_oncmdrecv
 .text.uart_onrecv
                0x000009ee       0x56 ./main.o
                0x000009ee                uart_onrecv
 .text.__vector_2
                0x00000a44       0xb0 ./main.o
                0x00000a44                __vector_2
 .text.test     0x00000af4       0x1a ./main.o
                0x00000af4                test
 .text.mapToMX  0x00000b0e       0x56 ./main.o
                0x00000b0e                mapToMX
 .text.timeToMX
                0x00000b64       0x74 ./main.o
                0x00000b64                timeToMX
 .text.init     0x00000bd8       0x1a ./main.o
                0x00000bd8                init
 .text.main     0x00000bf2      0x224 ./main.o
                0x00000bf2                main
 .text.libgcc   0x00000e16        0x0 c:/winavr-20100110/bin/../lib/gcc/avr/4.3.3/avr4\libgcc.a(_exit.o)
 .text.libgcc   0x00000e16        0x0 c:/winavr-20100110/bin/../lib/gcc/avr/4.3.3/avr4\libgcc.a(_copy_data.o)
 .text.libgcc   0x00000e16        0x0 c:/winavr-20100110/bin/../lib/gcc/avr/4.3.3/avr4\libgcc.a(_clear_bss.o)
 .text.avr-libc
                0x00000e16       0x12 c:/winavr-20100110/bin/../lib/gcc/avr/4.3.3/../../../../avr/lib/avr4\libc.a(memcpy.o)
                0x00000e16                memcpy
                0x00000e28                . = ALIGN (0x2)
 *(.fini9)
 .fini9         0x00000e28        0x0 c:/winavr-20100110/bin/../lib/gcc/avr/4.3.3/avr4\libgcc.a(_exit.o)
                0x00000e28                exit
                0x00000e28                _exit
 *(.fini9)
 *(.fini8)
 *(.fini8)
 *(.fini7)
 *(.fini7)
 *(.fini6)
 *(.fini6)
 *(.fini5)
 *(.fini5)
 *(.fini4)
 *(.fini4)
 *(.fini3)
 *(.fini3)
 *(.fini2)
 *(.fini2)
 *(.fini1)
 *(.fini1)
 *(.fini0)
 .fini0         0x00000e28        0x4 c:/winavr-20100110/bin/../lib/gcc/avr/4.3.3/avr4\libgcc.a(_exit.o)
 *(.fini0)
                0x00000e2c                _etext = .

.data           0x00800060        0x6 load address 0x00000e2c
                0x00800060                PROVIDE (__data_start, .)
 *(.data)
 .data          0x00800060        0x0 c:/winavr-20100110/bin/../lib/gcc/avr/4.3.3/../../../../avr/lib/avr4/crtm8.o
 .data          0x00800060        0x0 ./src/bcd.o
 .data          0x00800060        0x0 ./src/i2c.o
 .data          0x00800060        0x0 ./src/ir.o
 .data          0x00800060        0x0 ./src/mxcontrol.o
 .data          0x00800060        0x0 ./src/uart.o
 .data          0x00800060        0x0 ./main.o
 .data          0x00800060        0x0 c:/winavr-20100110/bin/../lib/gcc/avr/4.3.3/avr4\libgcc.a(_exit.o)
 .data          0x00800060        0x0 c:/winavr-20100110/bin/../lib/gcc/avr/4.3.3/avr4\libgcc.a(_copy_data.o)
 .data          0x00800060        0x0 c:/winavr-20100110/bin/../lib/gcc/avr/4.3.3/avr4\libgcc.a(_clear_bss.o)
 .data          0x00800060        0x0 c:/winavr-20100110/bin/../lib/gcc/avr/4.3.3/../../../../avr/lib/avr4\libc.a(memcpy.o)
 *(.data*)
 .data.buf      0x00800060        0x3 ./main.o
                0x00800060                buf
 .data.hPosLast
                0x00800063        0x1 ./main.o
                0x00800063                hPosLast
 .data.mPosLast
                0x00800064        0x1 ./main.o
                0x00800064                mPosLast
 *(.rodata)
 *(.rodata*)
 *(.gnu.linkonce.d*)
                0x00800066                . = ALIGN (0x2)
 *fill*         0x00800065        0x1 00
                0x00800066                _edata = .
                0x00800066                PROVIDE (__data_end, .)

.bss            0x00800066       0x3c
                0x00800066                PROVIDE (__bss_start, .)
 *(.bss)
 .bss           0x00800066        0x0 c:/winavr-20100110/bin/../lib/gcc/avr/4.3.3/../../../../avr/lib/avr4/crtm8.o
 .bss           0x00800066        0x0 ./src/bcd.o
 .bss           0x00800066        0x0 ./src/i2c.o
 .bss           0x00800066        0x0 ./src/ir.o
 .bss           0x00800066        0x0 ./src/mxcontrol.o
 .bss           0x00800066        0x0 ./src/uart.o
 .bss           0x00800066        0x0 ./main.o
 .bss           0x00800066        0x0 c:/winavr-20100110/bin/../lib/gcc/avr/4.3.3/avr4\libgcc.a(_exit.o)
 .bss           0x00800066        0x0 c:/winavr-20100110/bin/../lib/gcc/avr/4.3.3/avr4\libgcc.a(_copy_data.o)
 .bss           0x00800066        0x0 c:/winavr-20100110/bin/../lib/gcc/avr/4.3.3/avr4\libgcc.a(_clear_bss.o)
 .bss           0x00800066        0x0 c:/winavr-20100110/bin/../lib/gcc/avr/4.3.3/../../../../avr/lib/avr4\libc.a(memcpy.o)
 *(.bss*)
 .bss.mx_flags  0x00800066        0x1 ./src/mxcontrol.o
                0x00800066                mx_flags
 .bss.t0_ovf_cnt
                0x00800067        0x1 ./src/mxcontrol.o
                0x00800067                t0_ovf_cnt
 .bss.flags     0x00800068        0x1 ./main.o
                0x00800068                flags
 .bss.framesvmode
                0x00800069        0x1 ./main.o
                0x00800069                framesvmode
 .bss.br        0x0080006a        0x1 ./main.o
                0x0080006a                br
 .bss.uartRxBuf_p
                0x0080006b        0x1 ./main.o
                0x0080006b                uartRxBuf_p
 *(COMMON)
 COMMON         0x0080006c        0x6 ./src/ir.o
                0x0080006c                bitptr
                0x0080006d                packet
                0x00800071                irflags
 COMMON         0x00800072       0x2b ./src/mxcontrol.o
                0x00800072                autobrValue
                0x00800073                spiptr
                0x00800074                printCoords
                0x00800075                crow
                0x00800076                spibuf
                0x00800079                vmem
                0x0080008b                vbuf
 COMMON         0x0080009d        0x5 ./main.o
                0x0080009d                t0_extended_int
                0x0080009e                uartRxBuf
                0x008000a1                ir_cmd
                0x008000a2                PROVIDE (__bss_end, .)
                0x00000e2c                __data_load_start = LOADADDR (.data)
                0x00000e32                __data_load_end = (__data_load_start + SIZEOF (.data))

.noinit         0x008000a2        0x0
                0x008000a2                PROVIDE (__noinit_start, .)
 *(.noinit*)
                0x008000a2                PROVIDE (__noinit_end, .)
                0x008000a2                _end = .
                0x008000a2                PROVIDE (__heap_start, .)

.eeprom         0x00810000        0x0
 *(.eeprom*)
                0x00810000                __eeprom_end = .

.fuse
 *(.fuse)
 *(.lfuse)
 *(.hfuse)
 *(.efuse)

.lock
 *(.lock*)

.signature
 *(.signature*)

.stab
 *(.stab)

.stabstr
 *(.stabstr)

.stab.excl
 *(.stab.excl)

.stab.exclstr
 *(.stab.exclstr)

.stab.index
 *(.stab.index)

.stab.indexstr
 *(.stab.indexstr)

.comment
 *(.comment)

.debug
 *(.debug)

.line
 *(.line)

.debug_srcinfo
 *(.debug_srcinfo)

.debug_sfnames
 *(.debug_sfnames)

.debug_aranges
 *(.debug_aranges)

.debug_pubnames
 *(.debug_pubnames)

.debug_info
 *(.debug_info)
 *(.gnu.linkonce.wi.*)

.debug_abbrev
 *(.debug_abbrev)

.debug_line
 *(.debug_line)

.debug_frame
 *(.debug_frame)

.debug_str
 *(.debug_str)

.debug_loc
 *(.debug_loc)

.debug_macinfo
 *(.debug_macinfo)
OUTPUT(LED_MATRIX.elf elf32-avr)
LOAD linker stubs
